src/pages/FeedbackQRManagement.tsx(52,3): error TS2305: Module '"lucide-react"' has no exported member 'Desktop'.
src/pages/FeedbackQRManagement.tsx(64,3): error TS2300: Duplicate identifier 'RotateCcw'.
src/pages/FeedbackQRManagement.tsx(111,3): error TS2305: Module '"lucide-react"' has no exported member 'MagicWand'.
src/pages/FeedbackQRManagement.tsx(121,3): error TS2305: Module '"lucide-react"' has no exported member 'Stop'.
src/pages/FeedbackQRManagement.tsx(147,3): error TS2305: Module '"lucide-react"' has no exported member 'UserLock'.
src/pages/FeedbackQRManagement.tsx(165,3): error TS2300: Duplicate identifier 'RotateCcw'.
src/pages/FeedbackQRManagement.tsx(169,3): error TS2305: Module '"lucide-react"' has no exported member 'Resize'.
src/pages/FeedbackQRManagement.tsx(183,3): error TS2305: Module '"lucide-react"' has no exported member 'ColorPicker'.
src/pages/FeedbackQRManagement.tsx(184,3): error TS2305: Module '"lucide-react"' has no exported member 'Eyedropper'.
src/pages/FeedbackQRManagement.tsx(194,3): error TS2724: '"lucide-react"' has no exported member named 'LayoutPanelRight'. Did you mean 'LayoutPanelTop'?
src/pages/FeedbackQRManagement.tsx(196,3): error TS2724: '"lucide-react"' has no exported member named 'LayoutPanelBottom'. Did you mean 'LayoutPanelTop'?
src/pages/FeedbackQRManagement.tsx(213,3): error TS2305: Module '"lucide-react"' has no exported member 'TableRow'.
src/pages/FeedbackQRManagement.tsx(214,3): error TS2724: '"lucide-react"' has no exported member named 'TableColumn'. Did you mean 'TableIcon'?
src/pages/FeedbackQRManagement.tsx(243,3): error TS2305: Module '"lucide-react"' has no exported member 'GitForkArrow'.
src/pages/FeedbackQRManagement.tsx(244,3): error TS2305: Module '"lucide-react"' has no exported member 'GitMergeArrow'.
src/pages/FeedbackQRManagement.tsx(246,3): error TS2724: '"lucide-react"' has no exported member named 'GitBranchClosed'. Did you mean 'GitBranchPlus'?
src/pages/FeedbackQRManagement.tsx(248,3): error TS2724: '"lucide-react"' has no exported member named 'GitCompareVertical'. Did you mean 'GitCommitVertical'?
src/pages/FeedbackQRManagement.tsx(249,3): error TS2305: Module '"lucide-react"' has no exported member 'GitForkVertical'.
src/pages/FeedbackQRManagement.tsx(250,3): error TS2724: '"lucide-react"' has no exported member named 'GitMergeVertical'. Did you mean 'MoreVertical'?
src/pages/FeedbackQRManagement.tsx(251,3): error TS2724: '"lucide-react"' has no exported member named 'GitPullRequestVertical'. Did you mean 'GitPullRequestIcon'?
src/pages/FeedbackQRManagement.tsx(253,3): error TS2724: '"lucide-react"' has no exported member named 'GitNetwork'. Did you mean 'Network'?
src/pages/FeedbackQRManagement.tsx(254,3): error TS2305: Module '"lucide-react"' has no exported member 'GitBranchCreate'.
src/pages/FeedbackQRManagement.tsx(255,3): error TS2305: Module '"lucide-react"' has no exported member 'GitBranchDelete'.
src/pages/FeedbackQRManagement.tsx(256,3): error TS2305: Module '"lucide-react"' has no exported member 'GitBranchRename'.
src/pages/FeedbackQRManagement.tsx(257,3): error TS2724: '"lucide-react"' has no exported member named 'GitBranchMove'. Did you mean 'GitBranch'?
src/pages/FeedbackQRManagement.tsx(258,3): error TS2724: '"lucide-react"' has no exported member named 'GitBranchCopy'. Did you mean 'GitBranch'?
src/pages/FeedbackQRManagement.tsx(259,3): error TS2724: '"lucide-react"' has no exported member named 'GitBranchPaste'. Did you mean 'GitBranchPlus'?
src/pages/FeedbackQRManagement.tsx(260,3): error TS2724: '"lucide-react"' has no exported member named 'GitBranchCut'. Did you mean 'GitBranch'?
src/pages/FeedbackQRManagement.tsx(261,3): error TS2724: '"lucide-react"' has no exported member named 'GitBranchDrag'. Did you mean 'GitBranch'?
src/pages/FeedbackQRManagement.tsx(262,3): error TS2724: '"lucide-react"' has no exported member named 'GitBranchDrop'. Did you mean 'GitBranch'?
src/pages/FeedbackQRManagement.tsx(263,3): error TS2305: Module '"lucide-react"' has no exported member 'GitBranchSelect'.
src/pages/FeedbackQRManagement.tsx(264,3): error TS2305: Module '"lucide-react"' has no exported member 'GitBranchDeselect'.
src/pages/FeedbackQRManagement.tsx(265,3): error TS2724: '"lucide-react"' has no exported member named 'GitBranchAll'. Did you mean 'GitBranch'?
src/pages/FeedbackQRManagement.tsx(266,3): error TS2724: '"lucide-react"' has no exported member named 'GitBranchNone'. Did you mean 'GitBranch'?
src/pages/FeedbackQRManagement.tsx(267,3): error TS2724: '"lucide-react"' has no exported member named 'GitBranchInvert'. Did you mean 'GitBranchIcon'?
src/pages/FeedbackQRManagement.tsx(268,3): error TS2305: Module '"lucide-react"' has no exported member 'GitBranchExpand'.
src/pages/FeedbackQRManagement.tsx(269,3): error TS2305: Module '"lucide-react"' has no exported member 'GitBranchCollapse'.
src/pages/FeedbackQRManagement.tsx(270,3): error TS2724: '"lucide-react"' has no exported member named 'GitBranchSort'. Did you mean 'GitBranch'?
src/pages/FeedbackQRManagement.tsx(271,3): error TS2305: Module '"lucide-react"' has no exported member 'GitBranchFilter'.
src/pages/FeedbackQRManagement.tsx(272,3): error TS2305: Module '"lucide-react"' has no exported member 'GitBranchSearch'.
src/pages/FeedbackQRManagement.tsx(273,3): error TS2305: Module '"lucide-react"' has no exported member 'GitBranchClear'.
src/pages/FeedbackQRManagement.tsx(274,3): error TS2305: Module '"lucide-react"' has no exported member 'GitBranchRefresh'.
src/pages/FeedbackQRManagement.tsx(275,3): error TS2724: '"lucide-react"' has no exported member named 'GitBranchSync'. Did you mean 'GitBranch'?
src/pages/FeedbackQRManagement.tsx(276,3): error TS2724: '"lucide-react"' has no exported member named 'GitBranchPush'. Did you mean 'GitBranchPlus'?
src/pages/FeedbackQRManagement.tsx(277,3): error TS2724: '"lucide-react"' has no exported member named 'GitBranchPull'. Did you mean 'GitBranch'?
src/pages/FeedbackQRManagement.tsx(278,3): error TS2305: Module '"lucide-react"' has no exported member 'GitBranchFetch'.
src/pages/FeedbackQRManagement.tsx(279,3): error TS2305: Module '"lucide-react"' has no exported member 'GitBranchRebase'.
src/pages/FeedbackQRManagement.tsx(280,3): error TS2305: Module '"lucide-react"' has no exported member 'GitBranchCherryPick'.
src/pages/FeedbackQRManagement.tsx(281,3): error TS2724: '"lucide-react"' has no exported member named 'GitBranchSquash'. Did you mean 'GitBranchPlus'?
src/pages/FeedbackQRManagement.tsx(282,3): error TS2305: Module '"lucide-react"' has no exported member 'GitBranchAmend'.
src/pages/FeedbackQRManagement.tsx(283,3): error TS2305: Module '"lucide-react"' has no exported member 'GitBranchReset'.
src/pages/FeedbackQRManagement.tsx(284,3): error TS2305: Module '"lucide-react"' has no exported member 'GitBranchRevert'.
src/pages/FeedbackQRManagement.tsx(285,3): error TS2724: '"lucide-react"' has no exported member named 'GitBranchBisect'. Did you mean 'GitBranchIcon'?
src/pages/FeedbackQRManagement.tsx(286,3): error TS2305: Module '"lucide-react"' has no exported member 'GitBranchBlame'.
src/pages/FeedbackQRManagement.tsx(287,3): error TS2724: '"lucide-react"' has no exported member named 'GitBranchLog'. Did you mean 'GitBranch'?
src/pages/FeedbackQRManagement.tsx(288,3): error TS2724: '"lucide-react"' has no exported member named 'GitBranchDiff'. Did you mean 'GitBranch'?
src/pages/FeedbackQRManagement.tsx(289,3): error TS2305: Module '"lucide-react"' has no exported member 'GitBranchPatch'.
src/pages/FeedbackQRManagement.tsx(290,3): error TS2724: '"lucide-react"' has no exported member named 'GitBranchApply'. Did you mean 'GitBranchPlus'?
src/pages/FeedbackQRManagement.tsx(291,3): error TS2305: Module '"lucide-react"' has no exported member 'GitBranchStash'.
src/pages/FeedbackQRManagement.tsx(292,3): error TS2724: '"lucide-react"' has no exported member named 'GitBranchPop'. Did you mean 'GitBranch'?
src/pages/FeedbackQRManagement.tsx(293,3): error TS2300: Duplicate identifier 'GitBranchDropStash'.
src/pages/FeedbackQRManagement.tsx(293,3): error TS2305: Module '"lucide-react"' has no exported member 'GitBranchDropStash'.
src/pages/FeedbackQRManagement.tsx(294,3): error TS2305: Module '"lucide-react"' has no exported member 'GitBranchListStash'.
src/pages/FeedbackQRManagement.tsx(295,3): error TS2305: Module '"lucide-react"' has no exported member 'GitBranchShowStash'.
src/pages/FeedbackQRManagement.tsx(296,3): error TS2305: Module '"lucide-react"' has no exported member 'GitBranchClearStash'.
src/pages/FeedbackQRManagement.tsx(297,3): error TS2305: Module '"lucide-react"' has no exported member 'GitBranchCreateStash'.
src/pages/FeedbackQRManagement.tsx(298,3): error TS2305: Module '"lucide-react"' has no exported member 'GitBranchSaveStash'.
src/pages/FeedbackQRManagement.tsx(299,3): error TS2305: Module '"lucide-react"' has no exported member 'GitBranchRestoreStash'.
src/pages/FeedbackQRManagement.tsx(300,3): error TS2305: Module '"lucide-react"' has no exported member 'GitBranchDeleteStash'.
src/pages/FeedbackQRManagement.tsx(301,3): error TS2305: Module '"lucide-react"' has no exported member 'GitBranchRenameStash'.
src/pages/FeedbackQRManagement.tsx(302,3): error TS2305: Module '"lucide-react"' has no exported member 'GitBranchMoveStash'.
src/pages/FeedbackQRManagement.tsx(303,3): error TS2305: Module '"lucide-react"' has no exported member 'GitBranchCopyStash'.
src/pages/FeedbackQRManagement.tsx(304,3): error TS2305: Module '"lucide-react"' has no exported member 'GitBranchPasteStash'.
src/pages/FeedbackQRManagement.tsx(305,3): error TS2305: Module '"lucide-react"' has no exported member 'GitBranchCutStash'.
src/pages/FeedbackQRManagement.tsx(306,3): error TS2305: Module '"lucide-react"' has no exported member 'GitBranchDragStash'.
src/pages/FeedbackQRManagement.tsx(307,3): error TS2300: Duplicate identifier 'GitBranchDropStash'.
src/pages/FeedbackQRManagement.tsx(307,3): error TS2305: Module '"lucide-react"' has no exported member 'GitBranchDropStash'.
src/pages/FeedbackQRManagement.tsx(308,3): error TS2305: Module '"lucide-react"' has no exported member 'GitBranchSelectStash'.
src/pages/FeedbackQRManagement.tsx(309,3): error TS2305: Module '"lucide-react"' has no exported member 'GitBranchDeselectStash'.
src/pages/FeedbackQRManagement.tsx(310,3): error TS2305: Module '"lucide-react"' has no exported member 'GitBranchAllStash'.
src/pages/FeedbackQRManagement.tsx(311,3): error TS2305: Module '"lucide-react"' has no exported member 'GitBranchNoneStash'.
src/pages/FeedbackQRManagement.tsx(312,3): error TS2305: Module '"lucide-react"' has no exported member 'GitBranchInvertStash'.
src/pages/FeedbackQRManagement.tsx(313,3): error TS2305: Module '"lucide-react"' has no exported member 'GitBranchExpandStash'.
src/pages/FeedbackQRManagement.tsx(314,3): error TS2305: Module '"lucide-react"' has no exported member 'GitBranchCollapseStash'.
src/pages/FeedbackQRManagement.tsx(315,3): error TS2305: Module '"lucide-react"' has no exported member 'GitBranchSortStash'.
src/pages/FeedbackQRManagement.tsx(316,3): error TS2305: Module '"lucide-react"' has no exported member 'GitBranchFilterStash'.
src/pages/FeedbackQRManagement.tsx(317,3): error TS2305: Module '"lucide-react"' has no exported member 'GitBranchSearchStash'.
src/pages/FeedbackQRManagement.tsx(318,3): error TS2305: Module '"lucide-react"' has no exported member 'GitBranchClearStash'.
src/pages/FeedbackQRManagement.tsx(319,3): error TS2305: Module '"lucide-react"' has no exported member 'GitBranchRefreshStash'.
src/pages/FeedbackQRManagement.tsx(320,3): error TS2305: Module '"lucide-react"' has no exported member 'GitBranchSyncStash'.
src/pages/FeedbackQRManagement.tsx(321,3): error TS2724: '"lucide-react"' has no exported member named 'GitBranchPushStash'. Did you mean 'GitBranchPlus'?
src/pages/FeedbackQRManagement.tsx(322,3): error TS2724: '"lucide-react"' has no exported member named 'GitBranchPullStash'. Did you mean 'GitBranchPlus'?
src/pages/FeedbackQRManagement.tsx(323,3): error TS2305: Module '"lucide-react"' has no exported member 'GitBranchFetchStash'.
src/pages/FeedbackQRManagement.tsx(324,3): error TS2305: Module '"lucide-react"' has no exported member 'GitBranchRebaseStash'.
src/pages/FeedbackQRManagement.tsx(325,3): error TS2305: Module '"lucide-react"' has no exported member 'GitBranchCherryPickStash'.
src/pages/FeedbackQRManagement.tsx(326,3): error TS2305: Module '"lucide-react"' has no exported member 'GitBranchSquashStash'.
src/pages/FeedbackQRManagement.tsx(327,3): error TS2305: Module '"lucide-react"' has no exported member 'GitBranchAmendStash'.
src/pages/FeedbackQRManagement.tsx(328,3): error TS2305: Module '"lucide-react"' has no exported member 'GitBranchResetStash'.
src/pages/FeedbackQRManagement.tsx(329,3): error TS2305: Module '"lucide-react"' has no exported member 'GitBranchRevertStash'.
src/pages/FeedbackQRManagement.tsx(330,3): error TS2305: Module '"lucide-react"' has no exported member 'GitBranchBisectStash'.
src/pages/FeedbackQRManagement.tsx(331,3): error TS2305: Module '"lucide-react"' has no exported member 'GitBranchBlameStash'.
src/pages/FeedbackQRManagement.tsx(332,3): error TS2305: Module '"lucide-react"' has no exported member 'GitBranchLogStash'.
src/pages/FeedbackQRManagement.tsx(333,3): error TS2305: Module '"lucide-react"' has no exported member 'GitBranchDiffStash'.
src/pages/FeedbackQRManagement.tsx(334,3): error TS2305: Module '"lucide-react"' has no exported member 'GitBranchPatchStash'.
src/pages/FeedbackQRManagement.tsx(335,3): error TS2305: Module '"lucide-react"' has no exported member 'GitBranchApplyStash'.
src/pages/FeedbackQRManagement.tsx(1063,32): error TS2741: Property 'children' is missing in type '{ onClick: () => void; variant: "ghost"; size: "xs"; icon: Element; title: string; }' but required in type '{ onClick: () => void; children: ReactNode; variant?: "danger" | "default" | "ghost" | "gold" | "primary" | "secondary"; size?: "lg" | "md" | "sm" | "xs"; disabled?: boolean; icon?: ReactNode; title?: string; className?: string; }'.
src/pages/FeedbackQRManagement.tsx(1064,32): error TS2741: Property 'children' is missing in type '{ onClick: () => void; variant: "ghost"; size: "xs"; icon: Element; title: string; }' but required in type '{ onClick: () => void; children: ReactNode; variant?: "danger" | "default" | "ghost" | "gold" | "primary" | "secondary"; size?: "lg" | "md" | "sm" | "xs"; disabled?: boolean; icon?: ReactNode; title?: string; className?: string; }'.
src/pages/FeedbackQRManagement.tsx(1065,32): error TS2741: Property 'children' is missing in type '{ onClick: () => void; variant: "ghost"; size: "xs"; icon: Element; title: string; }' but required in type '{ onClick: () => void; children: ReactNode; variant?: "danger" | "default" | "ghost" | "gold" | "primary" | "secondary"; size?: "lg" | "md" | "sm" | "xs"; disabled?: boolean; icon?: ReactNode; title?: string; className?: string; }'.
src/pages/FeedbackQRManagement.tsx(1066,32): error TS2741: Property 'children' is missing in type '{ onClick: () => void; variant: "ghost"; size: "xs"; icon: Element; title: string; }' but required in type '{ onClick: () => void; children: ReactNode; variant?: "danger" | "default" | "ghost" | "gold" | "primary" | "secondary"; size?: "lg" | "md" | "sm" | "xs"; disabled?: boolean; icon?: ReactNode; title?: string; className?: string; }'.
src/pages/FeedbackQRManagement.tsx(1067,32): error TS2741: Property 'children' is missing in type '{ onClick: () => void; variant: "ghost"; size: "xs"; icon: Element; title: string; }' but required in type '{ onClick: () => void; children: ReactNode; variant?: "danger" | "default" | "ghost" | "gold" | "primary" | "secondary"; size?: "lg" | "md" | "sm" | "xs"; disabled?: boolean; icon?: ReactNode; title?: string; className?: string; }'.
src/pages/FeedbackQRManagement.tsx(1068,32): error TS2741: Property 'children' is missing in type '{ onClick: () => Promise<void>; variant: "ghost"; size: "xs"; icon: Element; title: string; }' but required in type '{ onClick: () => void; children: ReactNode; variant?: "danger" | "default" | "ghost" | "gold" | "primary" | "secondary"; size?: "lg" | "md" | "sm" | "xs"; disabled?: boolean; icon?: ReactNode; title?: string; className?: string; }'.
src/pages/FeedbackQRManagement.tsx(1069,32): error TS2741: Property 'children' is missing in type '{ onClick: () => Promise<void>; variant: "ghost"; size: "xs"; icon: Element; title: string; }' but required in type '{ onClick: () => void; children: ReactNode; variant?: "danger" | "default" | "ghost" | "gold" | "primary" | "secondary"; size?: "lg" | "md" | "sm" | "xs"; disabled?: boolean; icon?: ReactNode; title?: string; className?: string; }'.
src/pages/FeedbackQRManagement.tsx(1070,32): error TS2741: Property 'children' is missing in type '{ onClick: () => Promise<void>; variant: "ghost"; size: "xs"; icon: Element; title: string; }' but required in type '{ onClick: () => void; children: ReactNode; variant?: "danger" | "default" | "ghost" | "gold" | "primary" | "secondary"; size?: "lg" | "md" | "sm" | "xs"; disabled?: boolean; icon?: ReactNode; title?: string; className?: string; }'.
src/pages/FeedbackQRManagement.tsx(1071,32): error TS2741: Property 'children' is missing in type '{ onClick: () => void; variant: "ghost"; size: "xs"; icon: Element; title: string; }' but required in type '{ onClick: () => void; children: ReactNode; variant?: "danger" | "default" | "ghost" | "gold" | "primary" | "secondary"; size?: "lg" | "md" | "sm" | "xs"; disabled?: boolean; icon?: ReactNode; title?: string; className?: string; }'.
src/pages/FeedbackQRManagement.tsx(1072,32): error TS2741: Property 'children' is missing in type '{ onClick: () => Promise<void>; variant: "danger"; size: "xs"; icon: Element; title: string; }' but required in type '{ onClick: () => void; children: ReactNode; variant?: "danger" | "default" | "ghost" | "gold" | "primary" | "secondary"; size?: "lg" | "md" | "sm" | "xs"; disabled?: boolean; icon?: ReactNode; title?: string; className?: string; }'.
src/pages/FeedbackQRManagement.tsx(1087,22): error TS2741: Property 'children' is missing in type '{ onClick: () => void; disabled: boolean; variant: "ghost"; size: "xs"; icon: Element; }' but required in type '{ onClick: () => void; children: ReactNode; variant?: "danger" | "default" | "ghost" | "gold" | "primary" | "secondary"; size?: "lg" | "md" | "sm" | "xs"; disabled?: boolean; icon?: ReactNode; title?: string; className?: string; }'.
src/pages/FeedbackQRManagement.tsx(1087,153): error TS2304: Cannot find name 'ChevronLeft'.
src/pages/FeedbackQRManagement.tsx(1106,22): error TS2741: Property 'children' is missing in type '{ onClick: () => void; disabled: boolean; variant: "ghost"; size: "xs"; icon: Element; }' but required in type '{ onClick: () => void; children: ReactNode; variant?: "danger" | "default" | "ghost" | "gold" | "primary" | "secondary"; size?: "lg" | "md" | "sm" | "xs"; disabled?: boolean; icon?: ReactNode; title?: string; className?: string; }'.
src/pages/FeedbackQRManagement.tsx(1106,171): error TS2304: Cannot find name 'ChevronRight'.
src/pages/FeedbackQRManagement.tsx(1136,24): error TS2741: Property 'children' is missing in type '{ onClick: () => void; variant: "ghost"; size: "xs"; icon: Element; className: string; title: string; }' but required in type '{ onClick: () => void; children: ReactNode; variant?: "danger" | "default" | "ghost" | "gold" | "primary" | "secondary"; size?: "lg" | "md" | "sm" | "xs"; disabled?: boolean; icon?: ReactNode; title?: string; className?: string; }'.
src/pages/FeedbackQRManagement.tsx(1137,24): error TS2741: Property 'children' is missing in type '{ onClick: () => void; variant: "ghost"; size: "xs"; icon: Element; className: string; title: string; }' but required in type '{ onClick: () => void; children: ReactNode; variant?: "danger" | "default" | "ghost" | "gold" | "primary" | "secondary"; size?: "lg" | "md" | "sm" | "xs"; disabled?: boolean; icon?: ReactNode; title?: string; className?: string; }'.
src/pages/FeedbackQRManagement.tsx(1138,24): error TS2741: Property 'children' is missing in type '{ onClick: () => void; variant: "ghost"; size: "xs"; icon: Element; className: string; title: string; }' but required in type '{ onClick: () => void; children: ReactNode; variant?: "danger" | "default" | "ghost" | "gold" | "primary" | "secondary"; size?: "lg" | "md" | "sm" | "xs"; disabled?: boolean; icon?: ReactNode; title?: string; className?: string; }'.
src/pages/FeedbackQRManagement.tsx(1139,24): error TS2741: Property 'children' is missing in type '{ onClick: () => void; variant: "ghost"; size: "xs"; icon: Element; className: string; title: string; }' but required in type '{ onClick: () => void; children: ReactNode; variant?: "danger" | "default" | "ghost" | "gold" | "primary" | "secondary"; size?: "lg" | "md" | "sm" | "xs"; disabled?: boolean; icon?: ReactNode; title?: string; className?: string; }'.
src/pages/FeedbackQRManagement.tsx(1140,24): error TS2741: Property 'children' is missing in type '{ onClick: () => Promise<void>; variant: "ghost"; size: "xs"; icon: Element; className: string; title: string; }' but required in type '{ onClick: () => void; children: ReactNode; variant?: "danger" | "default" | "ghost" | "gold" | "primary" | "secondary"; size?: "lg" | "md" | "sm" | "xs"; disabled?: boolean; icon?: ReactNode; title?: string; className?: string; }'.
src/pages/FeedbackQRManagement.tsx(1141,24): error TS2741: Property 'children' is missing in type '{ onClick: () => Promise<void>; variant: "danger"; size: "xs"; icon: Element; className: string; title: string; }' but required in type '{ onClick: () => void; children: ReactNode; variant?: "danger" | "default" | "ghost" | "gold" | "primary" | "secondary"; size?: "lg" | "md" | "sm" | "xs"; disabled?: boolean; icon?: ReactNode; title?: string; className?: string; }'.
src/pages/FeedbackQRManagement.tsx(1309,33): error TS2322: Type '{ type: string; onClick: () => void; variant: "secondary"; children: string; }' is not assignable to type 'IntrinsicAttributes & { onClick: () => void; children: ReactNode; variant?: "danger" | "default" | "ghost" | "gold" | "primary" | "secondary"; size?: "lg" | ... 2 more ... | "xs"; disabled?: boolean; icon?: ReactNode; title?: string; className?: string; }'.
  Property 'type' does not exist on type 'IntrinsicAttributes & { onClick: () => void; children: ReactNode; variant?: "danger" | "default" | "ghost" | "gold" | "primary" | "secondary"; size?: "lg" | ... 2 more ... | "xs"; disabled?: boolean; icon?: ReactNode; title?: string; className?: string; }'.
src/pages/FeedbackQRManagement.tsx(1310,33): error TS2322: Type '{ type: string; disabled: boolean; variant: "gold"; icon: Element; children: string; }' is not assignable to type 'IntrinsicAttributes & { onClick: () => void; children: ReactNode; variant?: "danger" | "default" | "ghost" | "gold" | "primary" | "secondary"; size?: "lg" | ... 2 more ... | "xs"; disabled?: boolean; icon?: ReactNode; title?: string; className?: string; }'.
  Property 'type' does not exist on type 'IntrinsicAttributes & { onClick: () => void; children: ReactNode; variant?: "danger" | "default" | "ghost" | "gold" | "primary" | "secondary"; size?: "lg" | ... 2 more ... | "xs"; disabled?: boolean; icon?: ReactNode; title?: string; className?: string; }'.
src/services/api.ts(34,64): error TS2339: Property 'ipAddress' does not exist on type 'Window & typeof globalThis'.
